{
    "Extract plasmids from FASTA": {
        "content": [
            {
                "0": [
                    [
                        {
                            "id": "MAG1"
                        },
                        "MAG1_plasmid.fa:md5,066d810a0ce152d9148ed42800271428"
                    ]
                ],
                "1": [
                    "versions.yml:md5,bef8942183454908add126d487bf1b47"
                ],
                "chosen_sequences": [
                    [
                        {
                            "id": "MAG1"
                        },
                        "MAG1_plasmid.fa:md5,066d810a0ce152d9148ed42800271428"
                    ]
                ],
                "versions": [
                    "versions.yml:md5,bef8942183454908add126d487bf1b47"
                ]
            }
        ],
        "meta": {
            "nf-test": "0.9.3",
            "nextflow": "25.10.0"
        },
        "timestamp": "2026-01-15T11:16:06.559147"
    },
    "Extract viral_sequences from FASTA": {
        "content": [
            {
                "0": [
                    [
                        {
                            "id": "MAG1"
                        },
                        "MAG1_viral_sequence.fa:md5,914dea7ce29c409ee16d0bcfa6a2ffb9"
                    ]
                ],
                "1": [
                    "versions.yml:md5,bef8942183454908add126d487bf1b47"
                ],
                "chosen_sequences": [
                    [
                        {
                            "id": "MAG1"
                        },
                        "MAG1_viral_sequence.fa:md5,914dea7ce29c409ee16d0bcfa6a2ffb9"
                    ]
                ],
                "versions": [
                    "versions.yml:md5,bef8942183454908add126d487bf1b47"
                ]
            }
        ],
        "meta": {
            "nf-test": "0.9.3",
            "nextflow": "25.10.0"
        },
        "timestamp": "2026-01-15T11:16:00.337809"
    }
}